2026-08-08T09:12:18.561Z - Express Error: MulterError: Unexpected field
    at wrappedFileFilter (D:\BWF\BWF\BWF-Backend-main\node_modules\multer\index.js:41:19)
    at Multipart.<anonymous> (D:\BWF\BWF\BWF-Backend-main\node_modules\multer\lib\make-middleware.js:183:7)
    at Multipart.emit (node:events:509:20)
    at HeaderParser.cb (D:\BWF\BWF\BWF-Backend-main\node_modules\busboy\lib\types\multipart.js:358:14)
    at HeaderParser.push (D:\BWF\BWF\BWF-Backend-main\node_modules\busboy\lib\types\multipart.js:162:20)
    at SBMH.ssCb [as _cb] (D:\BWF\BWF\BWF-Backend-main\node_modules\busboy\lib\types\multipart.js:394:37)
    at feed (D:\BWF\BWF\BWF-Backend-main\node_modules\streamsearch\lib\sbmh.js:219:14)
    at SBMH.push (D:\BWF\BWF\BWF-Backend-main\node_modules\streamsearch\lib\sbmh.js:104:16)
    at Multipart._write (D:\BWF\BWF\BWF-Backend-main\node_modules\busboy\lib\types\multipart.js:567:19)
    at writeOrBuffer (node:internal/streams/writable:572:12)
2026-08-08T09:12:21.640Z - Express Error: MulterError: Unexpected field
    at wrappedFileFilter (D:\BWF\BWF\BWF-Backend-main\node_modules\multer\index.js:41:19)
    at Multipart.<anonymous> (D:\BWF\BWF\BWF-Backend-main\node_modules\multer\lib\make-middleware.js:183:7)
    at Multipart.emit (node:events:509:20)
    at HeaderParser.cb (D:\BWF\BWF\BWF-Backend-main\node_modules\busboy\lib\types\multipart.js:358:14)
    at HeaderParser.push (D:\BWF\BWF\BWF-Backend-main\node_modules\busboy\lib\types\multipart.js:162:20)
    at SBMH.ssCb [as _cb] (D:\BWF\BWF\BWF-Backend-main\node_modules\busboy\lib\types\multipart.js:394:37)
    at feed (D:\BWF\BWF\BWF-Backend-main\node_modules\streamsearch\lib\sbmh.js:219:14)
    at SBMH.push (D:\BWF\BWF\BWF-Backend-main\node_modules\streamsearch\lib\sbmh.js:104:16)
    at Multipart._write (D:\BWF\BWF\BWF-Backend-main\node_modules\busboy\lib\types\multipart.js:567:19)
    at writeOrBuffer (node:internal/streams/writable:572:12)
